// Jest Snapshot v1, https://goo.gl/fbAQLP

exports[`BatchTransferCommand constructor should have valid schema 1`] = `
{
  "$id": "token_factory/batchTransferParams",
  "properties": {
    "amounts": {
      "fieldNumber": 2,
      "items": {
        "dataType": "uint64",
      },
      "type": "array",
    },
    "recipients": {
      "fieldNumber": 3,
      "items": {
        "dataType": "bytes",
        "format": "klayr32",
      },
      "type": "array",
    },
    "tokenID": {
      "dataType": "bytes",
      "fieldNumber": 1,
    },
  },
  "required": [
    "tokenID",
    "amounts",
    "recipients",
  ],
  "title": "Transfer transaction params",
  "type": "object",
}
`;
